"I"
ap("K", ap("K", "K"))
"I"
["K", ["K", "K"]]
[x, x]
[["S", "S"], ["K", "S"]]
