[ _.0 ]
[ 
  [ 
    List::cons(1, List::cons(2, List::cons(3, List::null()))),
    1,
    2,
    3
  ]
]
[ 
  [ 
    List::cons(_.0, List::cons(_.1, List::cons(_.2, List::null()))),
    _.0,
    _.1,
    _.2
  ]
]
