[]
[ null ]
[ ["_.0", { "...": null }] ]
[ ["_.0", "_.1", { "...": null }] ]
