[]
[ _.0 ]
[]
[]
[ [3, 5] ]
[ ["cat", _.0] with { _.0 != 3 } ]
[ [_.0, _.1] with { disj { _.0 != 1 _.1 != 2 } } ]
[ [1, _.0] with { _.0 != 2 } ]
[]
[ _.0 with { _.0 != 1 } ]
[ [_.0, _.1] with { _.0 != 3 } ]
