[_.0]
[]
[]
[1]
[]
[_.0 with { $TypeConstraint(Number)(_.0) }]
[_.0 with { $TypeConstraint(Number)(_.0) }]
[_.0 with { $TypeConstraint(Number)(_.0) }]
[_.0 with { $TypeConstraint(Number)(_.0) }]
[[_.0, _.1] with { $TypeConstraint(Number)(_.0) }]
[[_.0, _.1] with { $TypeConstraint(Number)(_.0) }]
