[_.0]
[]
["cat"]
[_.0]
[]
[]
[]
[]
["A"]
["A"]
["A"]
["A"]
