[false]
[Range(x, a, b), Range(x, c, d)]
[Range(x, 30, 100)]
[LtEq(x, y), Range(x, 20, 120), Range(y, 30, 120)]
[Eq(x, y), Range(x, 30, 120), Range(y, 30, 120)]
[ 
  Add(x, y, z),
  Range(x, 1, 2),
  Range(y, 2, 3),
  Range(z, 3, 4)
]
[false]
[In(x, [2, 3])]
[LtEq(x, y), In(x, [4, 6, 7]), In(y, [7])]
[LtEq(x, y), In(x, [2, 3]), In(y, [2, 3])]
[LtEq(x, y), In(y, [0, 1]), false]
