[LtEq(1, 3), LtEq(1, 2), LtEq(2, 3), LtEq(1, 3)]
[LtEq(1, 3), LtEq(1, 2), LtEq(2, 3), LtEq(1, 3)]
[LtEq(1, 3), LtEq(1, 2), LtEq(2, 3)]
[LtEq(1, 3), LtEq(1, 2), LtEq(2, 3), LtEq(1, 3)]
[LtEq(1, 3), LtEq(10, 20), LtEq(20, 30)]
[ 
  [LtEq(1, 2), LtEq(2, 3)],
  [LtEq(1, 2), LtEq(2, 3), LtEq(1, 3)],
  [LtEq(1, 3), LtEq(1, 2), LtEq(2, 3), LtEq(1, 3)]
]
