[LtEq(1, 2), LtEq(2, 3), LtEq(1, 3)]
[LtEq(2, 3), LtEq(1, 2), LtEq(1, 3)]
[LtEq(1, 3), LtEq(1, 2), LtEq(2, 3), LtEq(1, 3)]
[LtEq(1, 2), LtEq(2, 3), LtEq(1, 3), LtEq(1, 3)]
[LtEq(1, 3), LtEq(10, 20), LtEq(20, 30), LtEq(10, 30)]
[ 
  [LtEq(1, 2), LtEq(2, 3)],
  [LtEq(1, 2), LtEq(2, 3), LtEq(1, 3)]
]
[LtEq(1, 2), LtEq(2, 3), F(100), LtEq(1, 3)]
[LtEq(2, 3), LtEq(1, 2), F(100), LtEq(1, 3)]
