[WearUmbrella(), WearSunGlasses(), Cool()]
[InCar(), WearUmbrella(), WearSunGlasses(), Cool()]
