[ [1, 1] ]
[ [[], "_.0", "_.0"] ]
[ [[], "_.0", "_.0"], 
  [[1], "_.0", [1, { "...": "_.0" }]], 
  [[1, 1], "_.0", [1, 1, { "...": "_.0" }]] ]
[ [[], [1, 1]], 
  [[1], [1]], 
  [[1, 1], []] ]
[ [1, 1, 1, 1] ]
[ [[1], [1, 1]], 
  [[1, 1], [1]] ]
[ [[1], [1, 1, 1, 1]], 
  [[1, 1], [1, 1]], 
  [[1, 1, 1, 1], [1]] ]
[ [[1], [1, 1, 1, 1, 1]], 
  [[1, 1, 1, 1, 1], [1]] ]
[ [[1], [1, 1, 1, 1, 1, 1]], 
  [[1, 1], [1, 1, 1]], 
  [[1, 1, 1], [1, 1]], 
  [[1, 1, 1, 1, 1, 1], [1]] ]
[ [[1], [1, 1, 1, 1, 1, 1, 1]], 
  [[1, 1, 1, 1, 1, 1, 1], [1]] ]
