() => {
  return 1
}
(x) => {
  TODO
  return y
}
1
1
1
1
[ ["hi", "xieyuheng"] ]
"ok"
