[2]
[ 
  [["b", 2] | _.0],
  [[_.0, _.1], ["b", 2] | _.2] with { NotEqual(_.0, "b") },
  [[_.0, _.1], [_.2, _.3], ["b", 2] | _.4] with { NotEqual(_.2, "b") NotEqual(_.0, "b") }
]
[2]
[ 
  [["b", 2] | _.0],
  [[_.0, _.1], ["b", 2] | _.2] with { NotEqual(_.0, "b") },
  [[_.0, _.1], [_.2, _.3], ["b", 2] | _.4] with { NotEqual(_.2, "b") NotEqual(_.0, "b") }
]
