[{ "@type": "Exp", "@kind": "Var", "name": "x" }]
