[]
[]
[ "pea" ]
[ "pea" ]
[ "?q" ]
[ "?q" ]
[ "?q" ]
[ "?x" ]
[ ["?x"] ]
[ "?q" ]
[ "?x" ]
[ "pod" ]
[ ["?x", "?x"] ]
[ ["?x", "?y"] ]
[ ["?t", "?u"] ]
[ ["?x", "?y", "?x"] ]
[]
[]
[ "?q" ]
[ "corn" ]
[]
[]
[]
[ "corn" ]
[ "tea", 
  "cup" ]
[ ["tea", "tea"], 
  ["tea", "cup"], 
  ["cup", "tea"], 
  ["cup", "cup"] ]
[ ["tea", "?y"], 
  ["cup", "?y"] ]
[ ["tea", "?y"], 
  ["cup", "?y"] ]
