[ "a" ]
[ "_.0" ]
[ "pear" ]
[ ["grape", "a"] ]
[ "o" ]
[ [["raisin", "pear"], "a"] ]
[ "_.0" ]
[ "o" ]
[ ["a", "c", "o", "r", "n"] ]
[ [["a", "b", "c"], "d", "e"] ]
[ "d" ]
[ ["e", "a", "d", "c"] ]
[ "d" ]
[ ["d", "a", "d", "c"] ]
[ ["d", "a", "d", "c"] ]
[ ["b", "o", "n", "u", "s"] ]
[]
[ "_.0" ]
[ [] ]
[ ["_.0", "_.1", "salad"] ]
[ "_.0" ]
[]
[]
[ ["_.0", { "...": "_.1" }] ]
[ "_.0" ]
[ "_.0" ]
[ "_.0" ]
[]
[]
[]
[]
[ ["fig", "beet", "roll", "pea"] ]
[]
[]
[ ["fig"] ]
[ ["fig", "pea"] ]
[ "fig" ]
[]
[ "fig" ]
