(x, y) => {
  return [x, y]
}
$Curried((x, y) => {
  return [x, y]
}, 2, [])
$Curried((x, y) => {
  return [x, y]
}, 2, [1])
[1, 2]
[1, 2]
(x) => {
  return (y) => {
    return [x, y]
  }
}
$Curried((x) => {
  return (y) => {
    return [x, y]
  }
}, 1, [])
(y) => {
  return [x, y]
}
[1, 2]
[1, 2]
