(x, y) => {
  return [x, y]
}
(y) => {
  return [x, y]
}
[1, 2]
[1, 2]
