---
count: 0
queues:
  - solution: {}
    goals:
      - unify "?x" = true
      - unify "?y" = false

---
count: 1
queues:
  - solution:
      x: true
    goals:
      - unify "?y" = false

---
count: 2
queues:
  - solution:
      y: false
      x: true
    goals: []

[ [true, false] ]
