(x) => {
  Hi("hi")
  let results = find q {
    Hi(p)
    Equal(q, [p, eval x])
  }
  print results
}
[["hi", "xieyuheng"]]
