() => {
  return 1
}
(x) => {
  let y = x
  return y
}
1
1
1
1
