() => {
  TODO
}
(x) => {
  TODO
  TODO
}
1
1
1
1
