(x) => {
  Hi("hi")
  let results = find q {
    Hi(p)
    q = [p, unquote x]
  }
  print results
}
[["hi", "xieyuheng"]]
