["forward", "forward", "left"]
[ 
  [ 
    "left",
    "forward",
    "right",
    "right",
    "forward",
    "forward",
    "backward",
    "left",
    "left"
  ],
  [ 
    "forward",
    "right",
    "forward",
    "forward",
    "backward",
    "left",
    "left"
  ],
  ["forward", "forward", "forward", "backward", "left"]
]
[ 
  [ 
    "left",
    "forward",
    "right",
    "right",
    "forward",
    "forward",
    "backward",
    "left",
    "left"
  ],
  [ 
    "forward",
    "right",
    "forward",
    "forward",
    "backward",
    "left",
    "left"
  ],
  ["forward", "forward", "forward", "backward", "left"],
  ["forward", "forward", "left"]
]
