or(A, B)
[or(not(not(A)), not(not(B))), or(A, not(not(B))), or(A, B)]
[or(not(not(A)), not(not(B))), or(A, not(not(B))), or(A, B)]
