[ { "name": "Xie Yuheng", "country": "China" } ]
[ { "name": "Xie Yuheng", "country": "China" } ]
