[]
[ _.0 ]
[]
[]
[ [3, 5] ]
[ ["cat", _.0] with { disj { _.0 != 3 } } ]
[ _.0 with { disj { _.0 != 1 } } ]
[ [_.0, _.1] with { disj { _.0 != 3 } } ]
