[ _.0 with { Number _.0 } ]
[ [_.0, _.1] with { Number _.0 } ]
[ _.0 with { Number _.0 } ]
[ [_.0, _.1] with { Number _.0 } ]
[ _.0 ]
