---
step_count: 0
queues:
  - solution: {}
    goals:
      - '"?x" = true'
      - '"?y" = false'
query_pattern: (x, y)
solutions: []

---
step_count: 1
queues:
  - solution:
      x: true
    goals:
      - '"?y" = false'
query_pattern: (x, y)
solutions: []

---
step_count: 2
queues:
  - solution:
      y: false
      x: true
    goals: []
query_pattern: (x, y)
solutions: []

[ [true, false] ]
