[_.0]
[[cons(1, cons(2, cons(3, null()))), 1, 2, 3]]
[[cons(_.0, cons(_.1, cons(_.2, null()))), _.0, _.1, _.2]]
