[ { "a": "a", "b": "b", "c": "c" } ]
[ ["a", "b", "c"] ]
[ {} ]
