$Relation(Exp, 1)
$Goal(Exp(var("x")))
$TypeConstraint(Number)
$Goal(Number(1))
