1
"a"
["a", "b", "c"]
{ "a": 1, "b": 2, "c": 3 }
$Primitive(equal, 2)
$Curried($Primitive(equal, 2), 2, ["abc"])
$Primitive(Equal, 2)
$Curried($Primitive(Equal, 2), 2, ["abc"])
() => {}
(x) => {
  return x
}
(x, y) => {
  return [x, y]
}
$Curried((x, y) => {
  return [x, y]
}, 2, [1])
