["a", "a", "a"]
["c", "c"]
["a"]
["c", "c"]
["a"]
