[WearUmbrella(), WearSunGlasses(), Cool()]
[InCar(), WearSunGlasses(), Cool()]
