[ "sussex", 
  "hampshire", 
  "hampshire", 
  "berkshire", 
  "kent", 
  "surrey", 
  "kent" ]
[ "kent", 
  "sussex", 
  "surrey", 
  "sussex", 
  "hampshire", 
  "berkshire", 
  "sussex", 
  "surrey", 
  "berkshire", 
  "wiltshire" ]
[ ["sussex", "kent"], 
  ["hampshire", "kent"], 
  ["hampshire", "surrey"], 
  ["hampshire", "kent"], 
  ["hampshire", "surrey"], 
  ["berkshire", "kent"], 
  ["wiltshire", "sussex"], 
  ["wiltshire", "surrey"], 
  ["wiltshire", "berkshire"], 
  ["wiltshire", "surrey"], 
  ["sussex", "sussex"], 
  ["sussex", "surrey"], 
  ["sussex", "sussex"], 
  ["sussex", "hampshire"], 
  ["sussex", "berkshire"], 
  ["surrey", "sussex"], 
  ["surrey", "surrey"], 
  ["hampshire", "hampshire"], 
  ["hampshire", "sussex"], 
  ["hampshire", "hampshire"], 
  ["hampshire", "berkshire"], 
  ["hampshire", "hampshire"], 
  ["hampshire", "wiltshire"], 
  ["berkshire", "sussex"], 
  ["berkshire", "hampshire"], 
  ["berkshire", "berkshire"], 
  ["wiltshire", "wiltshire"], 
  ["wiltshire", "hampshire"], 
  ["wiltshire", "wiltshire"], 
  ["kent", "kent"], 
  ["kent", "surrey"], 
  ["surrey", "kent"], 
  ["surrey", "surrey"], 
  ["kent", "kent"], 
  ["sussex", "sussex"], 
  ["sussex", "surrey"], 
  ["sussex", "berkshire"], 
  ["surrey", "sussex"], 
  ["surrey", "surrey"], 
  ["surrey", "berkshire"], 
  ["berkshire", "sussex"], 
  ["berkshire", "surrey"], 
  ["berkshire", "berkshire"], 
  ["surrey", "surrey"], 
  ["hampshire", "hampshire"], 
  ["hampshire", "berkshire"], 
  ["berkshire", "hampshire"], 
  ["berkshire", "berkshire"], 
  ["kent", "hampshire"], 
  ["surrey", "hampshire"], 
  ["kent", "sussex"], 
  ["kent", "hampshire"], 
  ["kent", "berkshire"], 
  ["sussex", "wiltshire"], 
  ["surrey", "wiltshire"], 
  ["berkshire", "wiltshire"], 
  ["surrey", "hampshire"], 
  ["surrey", "wiltshire"] ]
