[ "?q" ]
[]
[ "lucinda", 
  "camilla" ]
[]
[ "bertram", 
  "percival" ]
[]
[]
[ ["bertram", "lucinda"], 
  ["bertram", "camilla"], 
  ["percival", "lucinda"], 
  ["percival", "camilla"] ]
