[_.0]
[ 
  [ 
    List::Cons(1, List::Cons(2, List::Cons(3, List::Null()))),
    1,
    2,
    3
  ]
]
[ 
  [ 
    List::Cons(_.0, List::Cons(_.1, List::Cons(_.2, List::Null()))),
    _.0,
    _.1,
    _.2
  ]
]
